{'levels': [{'enabled': True,
             'locked': False,
             'symbol_level': 0,
             'texture_fill_symbol': {'angle': 0.0,
                                     'color': {'B': 0,
                                               'G': 0,
                                               'R': 255,
                                               'dither': False,
                                               'is_null': False,
                                               'type': 'RgbColor',
                                               'version': 1},
                                     'enabled': True,
                                     'locked': False,
                                     'outline': None,
                                     'size': 1.0,
                                     'symbol_level': 0,
                                     'texture': None,
                                     'transparency_color': None,
                                     'type': 'TextureFillSymbol',
                                     'version': 2},
             'type': 'TextureLineSymbol',
             'version': 2,
             'vertical_orientation': False,
             'width': 8.0}],
 'symbol_level': 0,
 'type': 'MultiLayerLineSymbol',
 'version': 2}
