{'levels': [{'cap': 'butt',
             'color': {'B': 0,
                       'G': 0,
                       'R': 255,
                       'dither': False,
                       'is_null': False,
                       'type': 'RgbColor',
                       'version': 1},
             'decoration': {'decorations': [{'fixed_angle': False,
                                             'flip_all': True,
                                             'flip_first': False,
                                             'marker': {'angle': 0.0,
                                                        'color': {'B': 0,
                                                                  'G': 0,
                                                                  'R': 0,
                                                                  'dither': False,
                                                                  'is_null': False,
                                                                  'type': 'RgbColor',
                                                                  'version': 1},
                                                        'enabled': True,
                                                        'locked': False,
                                                        'rotate_with_transform': True,
                                                        'size': 12.0,
                                                        'style': 0,
                                                        'symbol_level': 0,
                                                        'type': 'ArrowMarkerSymbol',
                                                        'version': 2,
                                                        'width': 8.0,
                                                        'x_offset': 0.0,
                                                        'y_offset': 0.0},
                                             'position_as_ratio': True,
                                             'positions': [0.0, 0.5, 1.0],
                                             'type': 'SimpleLineDecorationElement',
                                             'version': 1}],
                            'type': 'LineDecoration',
                            'version': 1},
             'decoration_on_top': False,
             'enabled': True,
             'flip': False,
             'join': 'miter',
             'line_start_offset': 0.0,
             'locked': False,
             'miter_limit': 10.0,
             'offset': 0.0,
             'symbol_level': 0,
             'template': {'pattern_interval': 1.0,
                          'pattern_parts': [],
                          'type': 'LineTemplate',
                          'version': 1},
             'type': 'CartographicLineSymbol',
             'version': 1,
             'width': 8.0}],
 'symbol_level': 0,
 'type': 'MultiLayerLineSymbol',
 'version': 2}
