{'levels': [{'color': {'B': 0,
                       'G': 0,
                       'R': 255,
                       'dither': False,
                       'is_null': False,
                       'type': 'RgbColor',
                       'version': 1},
             'enabled': True,
             'line_type': 'solid',
             'locked': False,
             'symbol_level': 0,
             'tags': 'l2 tags',
             'type': 'SimpleLineSymbol',
             'version': 1,
             'width': 1.0},
            {'color': {'B': 110,
                       'G': 110,
                       'R': 110,
                       'dither': True,
                       'is_null': False,
                       'type': 'RgbColor',
                       'version': 1},
             'enabled': True,
             'line_type': 'solid',
             'locked': True,
             'symbol_level': 0,
             'tags': 'Layer1tags',
             'type': 'SimpleLineSymbol',
             'version': 1,
             'width': 1.0}],
 'symbol_level': 0,
 'type': 'MultiLayerLineSymbol',
 'version': 2}
