{'algorithm': 0,
 'color1': {'B': 44,
            'G': 44,
            'R': 245,
            'dither': True,
            'is_null': False,
            'type': 'HsvColor',
            'version': 1},
 'color2': {'B': 0,
            'G': 0,
            'R': 128,
            'dither': True,
            'is_null': False,
            'type': 'HsvColor',
            'version': 1},
 'type': 'AlgorithmicColorRamp',
 'version': 1}
