{'part_lengths': [1.0, 1.0, 1.0],
 'parts': [{'hue_range': [0, 360],
            'same_everywhere': False,
            'saturation_range': [0, 100],
            'type': 'RandomColorRamp',
            'value_range': [0, 100],
            'version': 1},
           {'colors': [{'B': 0,
                        'G': 255,
                        'R': 0,
                        'dither': True,
                        'is_null': False,
                        'type': 'RgbColor',
                        'version': 1},
                       {'B': 0,
                        'G': 237,
                        'R': 18,
                        'dither': True,
                        'is_null': False,
                        'type': 'RgbColor',
                        'version': 1},
                       {'B': 0,
                        'G': 219,
                        'R': 36,
                        'dither': True,
                        'is_null': False,
                        'type': 'RgbColor',
                        'version': 1},
                       {'B': 0,
                        'G': 201,
                        'R': 54,
                        'dither': True,
                        'is_null': False,
                        'type': 'RgbColor',
                        'version': 1},
                       {'B': 0,
                        'G': 183,
                        'R': 72,
                        'dither': True,
                        'is_null': False,
                        'type': 'RgbColor',
                        'version': 1},
                       {'B': 0,
                        'G': 165,
                        'R': 90,
                        'dither': True,
                        'is_null': False,
                        'type': 'RgbColor',
                        'version': 1},
                       {'B': 0,
                        'G': 147,
                        'R': 108,
                        'dither': True,
                        'is_null': False,
                        'type': 'RgbColor',
                        'version': 1},
                       {'B': 0,
                        'G': 129,
                        'R': 126,
                        'dither': True,
                        'is_null': False,
                        'type': 'RgbColor',
                        'version': 1},
                       {'B': 0,
                        'G': 111,
                        'R': 144,
                        'dither': True,
                        'is_null': False,
                        'type': 'RgbColor',
                        'version': 1},
                       {'B': 0,
                        'G': 93,
                        'R': 162,
                        'dither': True,
                        'is_null': False,
                        'type': 'RgbColor',
                        'version': 1},
                       {'B': 0,
                        'G': 75,
                        'R': 180,
                        'dither': True,
                        'is_null': False,
                        'type': 'RgbColor',
                        'version': 1},
                       {'B': 0,
                        'G': 57,
                        'R': 198,
                        'dither': True,
                        'is_null': False,
                        'type': 'RgbColor',
                        'version': 1},
                       {'B': 0,
                        'G': 39,
                        'R': 216,
                        'dither': True,
                        'is_null': False,
                        'type': 'RgbColor',
                        'version': 1}],
            'type': 'PresetColorRamp',
            'version': 1},
           {'algorithm': 0,
            'color1': {'B': 44,
                       'G': 44,
                       'R': 245,
                       'dither': True,
                       'is_null': False,
                       'type': 'HsvColor',
                       'version': 1},
            'color2': {'B': 0,
                       'G': 0,
                       'R': 128,
                       'dither': True,
                       'is_null': False,
                       'type': 'HsvColor',
                       'version': 1},
            'type': 'AlgorithmicColorRamp',
            'version': 1}],
 'type': 'MultiPartColorRamp',
 'version': 2}
