{'colors': [{'B': 0,
             'G': 0,
             'R': 255,
             'dither': True,
             'is_null': False,
             'type': 'RgbColor',
             'version': 1},
            {'B': 0,
             'G': 255,
             'R': 0,
             'dither': True,
             'is_null': False,
             'type': 'RgbColor',
             'version': 1},
            {'B': 255,
             'G': 0,
             'R': 0,
             'dither': True,
             'is_null': False,
             'type': 'RgbColor',
             'version': 1},
            {'B': 0,
             'G': 0,
             'R': 255,
             'dither': True,
             'is_null': False,
             'type': 'RgbColor',
             'version': 1},
            {'B': 0,
             'G': 255,
             'R': 0,
             'dither': True,
             'is_null': False,
             'type': 'RgbColor',
             'version': 1},
            {'B': 255,
             'G': 0,
             'R': 0,
             'dither': True,
             'is_null': False,
             'type': 'RgbColor',
             'version': 1},
            {'B': 0,
             'G': 0,
             'R': 255,
             'dither': True,
             'is_null': False,
             'type': 'RgbColor',
             'version': 1},
            {'B': 0,
             'G': 255,
             'R': 0,
             'dither': True,
             'is_null': False,
             'type': 'RgbColor',
             'version': 1},
            {'B': 255,
             'G': 0,
             'R': 0,
             'dither': True,
             'is_null': False,
             'type': 'RgbColor',
             'version': 1},
            {'B': 0,
             'G': 0,
             'R': 255,
             'dither': True,
             'is_null': False,
             'type': 'RgbColor',
             'version': 1},
            {'B': 0,
             'G': 255,
             'R': 0,
             'dither': True,
             'is_null': False,
             'type': 'RgbColor',
             'version': 1},
            {'B': 255,
             'G': 0,
             'R': 0,
             'dither': True,
             'is_null': False,
             'type': 'RgbColor',
             'version': 1},
            {'B': 0,
             'G': 0,
             'R': 255,
             'dither': True,
             'is_null': False,
             'type': 'RgbColor',
             'version': 1}],
 'type': 'PresetColorRamp',
 'version': 1}
