{'hue_range': [14, 54],
 'same_everywhere': False,
 'saturation_range': [13, 53],
 'type': 'RandomColorRamp',
 'value_range': [12, 52],
 'version': 1}
