{'color': {'B': 128,
           'G': 74,
           'R': 0,
           'dither': False,
           'is_null': False,
           'type': 'RgbColor',
           'version': 1},
 'enabled': True,
 'line_type': 'solid',
 'locked': False,
 'symbol_level': 0,
 'type': 'SimpleLineSymbol',
 'version': 1,
 'width': 1.0}
