{'halo': False,
 'halo_size': 2.0,
 'halo_symbol': {'color': {'B': 255,
                           'G': 255,
                           'R': 255,
                           'dither': True,
                           'is_null': False,
                           'type': 'RgbColor',
                           'version': 1},
                 'enabled': True,
                 'fill_style': 'solid',
                 'locked': False,
                 'outline': {'color': {'B': 110,
                                       'G': 110,
                                       'R': 110,
                                       'dither': True,
                                       'is_null': False,
                                       'type': 'RgbColor',
                                       'version': 1},
                             'enabled': True,
                             'line_type': 'solid',
                             'locked': False,
                             'symbol_level': 0,
                             'type': 'SimpleLineSymbol',
                             'version': 1,
                             'width': 0.0},
                 'symbol_level': 0,
                 'type': 'SimpleFillSymbol',
                 'version': 1},
 'levels': [{'angle': 0.0,
             'color': {'B': 0,
                       'G': 0,
                       'R': 0,
                       'dither': False,
                       'is_null': False,
                       'type': 'RgbColor',
                       'version': 1},
             'enabled': True,
             'locked': False,
             'rotate_with_transform': True,
             'size': 12.0,
             'style': 0,
             'symbol_level': 0,
             'type': 'ArrowMarkerSymbol',
             'version': 2,
             'width': 8.0,
             'x_offset': 0.0,
             'y_offset': 0.0}],
 'symbol_level': 0,
 'type': 'MultiLayerMarkerSymbol',
 'version': 3}
