{'halo': True,
 'halo_size': 14.0,
 'halo_symbol': {'levels': [{'color': {'B': 0,
                                       'G': 255,
                                       'R': 0,
                                       'dither': False,
                                       'is_null': False,
                                       'type': 'RgbColor',
                                       'version': 1},
                             'enabled': True,
                             'fill_style': 'solid',
                             'locked': False,
                             'outline': {'color': {'B': 240,
                                                   'G': 240,
                                                   'R': 240,
                                                   'dither': True,
                                                   'is_null': True,
                                                   'type': 'RgbColor',
                                                   'version': 1},
                                         'enabled': True,
                                         'line_type': 'solid',
                                         'locked': False,
                                         'symbol_level': 0,
                                         'type': 'SimpleLineSymbol',
                                         'version': 1,
                                         'width': 1.0},
                             'symbol_level': 0,
                             'type': 'SimpleFillSymbol',
                             'version': 1}],
                 'symbol_level': 0,
                 'type': 'MultiLayerFillSymbol',
                 'version': 2},
 'levels': [{'angle': 0.0,
             'color': {'B': 0,
                       'G': 0,
                       'R': 255,
                       'dither': False,
                       'is_null': False,
                       'type': 'RgbColor',
                       'version': 1},
             'enabled': True,
             'locked': False,
             'marker_type': 'circle',
             'outline_color': {'B': 0,
                               'G': 0,
                               'R': 0,
                               'dither': False,
                               'is_null': False,
                               'type': 'RgbColor',
                               'version': 1},
             'outline_enabled': False,
             'outline_size': 1.0,
             'rotate_with_transform': True,
             'size': 15.0,
             'symbol_level': 0,
             'type': 'SimpleMarkerSymbol',
             'version': 2,
             'x_offset': 17.0,
             'y_offset': 19.0},
            {'angle': 0.0,
             'color': {'B': 255,
                       'G': 0,
                       'R': 0,
                       'dither': True,
                       'is_null': False,
                       'type': 'RgbColor',
                       'version': 1},
             'enabled': True,
             'locked': True,
             'marker_type': 'circle',
             'outline_color': {'B': 0,
                               'G': 0,
                               'R': 0,
                               'dither': False,
                               'is_null': False,
                               'type': 'RgbColor',
                               'version': 1},
             'outline_enabled': False,
             'outline_size': 1.0,
             'rotate_with_transform': True,
             'size': 9.0,
             'symbol_level': 0,
             'type': 'SimpleMarkerSymbol',
             'version': 2,
             'x_offset': 11.0,
             'y_offset': 13.0}],
 'symbol_level': 0,
 'type': 'MultiLayerMarkerSymbol',
 'version': 3}
