{'levels': [{'color': {'B': 214,
                       'G': 255,
                       'R': 214,
                       'dither': False,
                       'is_null': False,
                       'type': 'HsvColor',
                       'version': 1},
             'enabled': True,
             'fill_style': 'solid',
             'locked': False,
             'outline': {'color': {'B': 0,
                                   'G': 0,
                                   'R': 255,
                                   'dither': True,
                                   'is_null': False,
                                   'type': 'RgbColor',
                                   'version': 1},
                         'enabled': True,
                         'line_type': 'solid',
                         'locked': False,
                         'symbol_level': 0,
                         'type': 'SimpleLineSymbol',
                         'version': 1,
                         'width': 8.0},
             'symbol_level': 0,
             'type': 'SimpleFillSymbol',
             'version': 1}],
 'symbol_level': 0,
 'type': 'MultiLayerFillSymbol',
 'version': 2}
