{'levels': [{'angle': 0.0,
             'enabled': True,
             'line_symbol': {'color': {'B': 0,
                                       'G': 0,
                                       'R': 255,
                                       'dither': False,
                                       'is_null': False,
                                       'type': 'RgbColor',
                                       'version': 1},
                             'enabled': True,
                             'line_type': 'solid',
                             'locked': False,
                             'symbol_level': 0,
                             'type': 'SimpleLineSymbol',
                             'version': 1,
                             'width': 1.0},
             'locked': False,
             'offset': 0.0,
             'outline': {'color': {'B': 110,
                                   'G': 110,
                                   'R': 110,
                                   'dither': True,
                                   'is_null': False,
                                   'type': 'RgbColor',
                                   'version': 1},
                         'enabled': True,
                         'line_type': 'solid',
                         'locked': False,
                         'symbol_level': 0,
                         'type': 'SimpleLineSymbol',
                         'version': 1,
                         'width': 1.0},
             'separation': 5.0,
             'symbol_level': 0,
             'type': 'LineFillSymbol',
             'version': 1}],
 'symbol_level': 0,
 'type': 'MultiLayerFillSymbol',
 'version': 2}
