{'levels': [{'enabled': True,
             'grid_angle': 0.0,
             'locked': False,
             'marker': {'angle': 0.0,
                        'color': {'B': 0,
                                  'G': 0,
                                  'R': 230,
                                  'dither': False,
                                  'is_null': False,
                                  'type': 'RgbColor',
                                  'version': 1},
                        'enabled': True,
                        'locked': False,
                        'marker_type': 'circle',
                        'outline_color': {'B': 0,
                                          'G': 0,
                                          'R': 0,
                                          'dither': False,
                                          'is_null': False,
                                          'type': 'RgbColor',
                                          'version': 1},
                        'outline_enabled': False,
                        'outline_size': 1.0,
                        'rotate_with_transform': True,
                        'size': 8.0,
                        'symbol_level': 0,
                        'type': 'SimpleMarkerSymbol',
                        'version': 2,
                        'x_offset': 0.0,
                        'y_offset': 0.0},
             'offset_x': 0.0,
             'offset_y': 0.0,
             'outline': {'color': {'B': 110,
                                   'G': 110,
                                   'R': 110,
                                   'dither': True,
                                   'is_null': False,
                                   'type': 'RgbColor',
                                   'version': 1},
                         'enabled': True,
                         'line_type': 'solid',
                         'locked': False,
                         'symbol_level': 0,
                         'type': 'SimpleLineSymbol',
                         'version': 1,
                         'width': 1.0},
             'random': False,
             'separation_x': 12.0,
             'separation_y': 12.0,
             'symbol_level': 0,
             'type': 'MarkerFillSymbol',
             'version': 1}],
 'symbol_level': 0,
 'type': 'MultiLayerFillSymbol',
 'version': 2}
