{'levels': [{'color': {'B': 0,
                       'G': 0,
                       'R': 255,
                       'dither': False,
                       'is_null': False,
                       'type': 'RgbColor',
                       'version': 1},
             'enabled': True,
             'fill_style': 'solid',
             'locked': False,
             'outline': {'levels': [{'cap': 'round',
                                     'color': {'B': 255,
                                               'G': 0,
                                               'R': 0,
                                               'dither': True,
                                               'is_null': False,
                                               'type': 'RgbColor',
                                               'version': 1},
                                     'decoration': None,
                                     'decoration_on_top': False,
                                     'enabled': True,
                                     'flip': False,
                                     'join': 'bevel',
                                     'line_start_offset': 0.0,
                                     'locked': False,
                                     'miter_limit': 10.0,
                                     'offset': -7.0,
                                     'symbol_level': 0,
                                     'template': {'pattern_interval': 1.0,
                                                  'pattern_parts': [],
                                                  'type': 'LineTemplate',
                                                  'version': 1},
                                     'type': 'CartographicLineSymbol',
                                     'version': 1,
                                     'width': 4.0}],
                         'symbol_level': 0,
                         'type': 'MultiLayerLineSymbol',
                         'version': 2},
             'symbol_level': 0,
             'type': 'SimpleFillSymbol',
             'version': 1}],
 'symbol_level': 0,
 'type': 'MultiLayerFillSymbol',
 'version': 2}
