{'levels': [{'color': {'B': 0,
                       'G': 0,
                       'R': 255,
                       'dither': False,
                       'is_null': False,
                       'type': 'RgbColor',
                       'version': 1},
             'enabled': True,
             'fill_style': 'solid',
             'locked': False,
             'outline': {'levels': [{'color': {'B': 0,
                                               'G': 255,
                                               'R': 0,
                                               'dither': True,
                                               'is_null': False,
                                               'type': 'RgbColor',
                                               'version': 1},
                                     'enabled': True,
                                     'line_type': 'solid',
                                     'locked': False,
                                     'symbol_level': 0,
                                     'type': 'SimpleLineSymbol',
                                     'version': 1,
                                     'width': 1.0},
                                    {'color': {'B': 255,
                                               'G': 0,
                                               'R': 0,
                                               'dither': True,
                                               'is_null': False,
                                               'type': 'RgbColor',
                                               'version': 1},
                                     'enabled': False,
                                     'line_type': 'solid',
                                     'locked': True,
                                     'symbol_level': 0,
                                     'type': 'SimpleLineSymbol',
                                     'version': 1,
                                     'width': 2.0}],
                         'symbol_level': 0,
                         'type': 'MultiLayerLineSymbol',
                         'version': 2},
             'symbol_level': 0,
             'type': 'SimpleFillSymbol',
             'version': 1}],
 'symbol_level': 0,
 'type': 'MultiLayerFillSymbol',
 'version': 2}
